python : Creating test database for alias 'default'...
At line:1 char:1
+ python manage.py test scheduling.tests.test_admin_homepage_tasks.Admi ...
+ ~~~~~~~~~~~~~~~~~~~~~~~~~~~~~~~~~~~~~~~~~~~~~~~~~~~~~~~~~~~~~~~~~~~~~
    + CategoryInfo          : NotSpecified: (Creating test d...as 'default'...:String) [], RemoteException
    + FullyQualifiedErrorId : NativeCommandError
 

C:\Users\Charl\AppData\Local\Programs\Python\Python313\Lib\site-packages\django\core\handlers\base.py:61: UserWarning: 
No directory at: C:\ANTIGRAVITY SQUASH SYNC\SquashSyncV2\staticfiles_collected\
  mw_instance = middleware(adapted_handler)
FF
======================================================================
FAIL: test_admin_homepage_hides_tasks_card_when_no_tasks 
(scheduling.tests.test_admin_homepage_tasks.AdminHomepageTasksTest.test_admin_homepage_hides_tasks_card_when_no_tasks)
----------------------------------------------------------------------
Traceback (most recent call last):
  File "C:\ANTIGRAVITY SQUASH SYNC\SquashSyncV2\scheduling\tests\test_admin_homepage_tasks.py", line 59, in 
test_admin_homepage_hides_tasks_card_when_no_tasks
    self.assertNotContains(response, "My Tasks")
    ~~~~~~~~~~~~~~~~~~~~~~^^^^^^^^^^^^^^^^^^^^^^
AssertionError: 1 != 0 : 'My Tasks' unexpectedly found in the following response
b'\n<!DOCTYPE html>\n<html lang="en">\n\n<head>\n    <script>\n        (function () {\n            function 
setTheme(theme) {\n                document.documentElement.setAttribute(\'data-bs-theme\', theme);\n                
if (theme === \'dark\') {\n                    document.documentElement.classList.add(\'dark-mode\');\n                
} else {\n                    document.documentElement.classList.remove(\'dark-mode\');\n                }\n           
     localStorage.setItem(\'theme\', theme);\n            }\n            const savedTheme = 
localStorage.getItem(\'theme\');\n            const prefersDark = window.matchMedia(\'(prefers-color-scheme: 
dark)\').matches;\n            if (savedTheme) {\n                setTheme(savedTheme);\n            } else if 
(prefersDark) {\n                setTheme(\'dark\');\n            } else {\n                setTheme(\'light\');\n     
       }\n        })();\n    </script>\n    <meta charset="UTF-8">\n    <meta name="viewport" 
content="width=device-width, initial-scale=1.0">\n    <title>Dashboard - SquashSync</title>\n    <link rel="icon" 
type="image/x-icon" href="/static/images/favicon.ico">\n    <link rel="manifest" href="/static/manifest.json">\n    
<link rel="apple-touch-icon" href="/static/images/icon-192.png">\n    <link 
href="https://cdn.jsdelivr.net/npm/bootstrap@5.3.3/dist/css/bootstrap.min.css" rel="stylesheet">\n    <link 
rel="stylesheet" href="https://cdn.jsdelivr.net/npm/bootstrap-icons@1.11.3/font/bootstrap-icons.css">\n    <link 
rel="stylesheet" href="/static/css/style.css">\n\n    \n</head>\n\n<body>\n    <nav class="navbar navbar-expand-lg 
bg-body-tertiary">\n        <div class="container-fluid">\n            <a class="navbar-brand" 
href="/">SquashSync</a>\n            <button class="navbar-toggler" type="button" data-bs-toggle="collapse" 
data-bs-target="#navbarNav"\n                aria-controls="navbarNav" aria-expanded="false" aria-label="Toggle 
navigation">\n                <span class="navbar-toggler-icon"></span>\n            </button>\n            <div 
class="collapse navbar-collapse" id="navbarNav">\n                \n                <ul class="navbar-nav me-auto">\n  
                  <li class="nav-item"><a class="nav-link" href="/">Dashboard</a></li>\n                    <li 
class="nav-item"><a class="nav-link" href="/schedule/calendar/">Calendar</a>\n                    </li>\n              
      <li class="nav-item"><a class="nav-link" href="/players/">Players</a></li>\n                    <li 
class="nav-item"><a class="nav-link" href="/todo/mine/">My Tasks</a></li>\n\n                    \n\n                  
  \n                    \n                    <li class="nav-item"><a class="nav-link" 
href="/players/groups/">School\n                            Groups</a></li>\n                    \n\n                  
  \n                    <li class="nav-item"><a class="nav-link" href="/todo/">Tasks</a></li>\n                    <li 
class="nav-item"><a class="nav-link" href="/accounts/coaches/">Coaches</a></li>\n                    <li 
class="nav-item"><a class="nav-link" href="/schedule/staffing/">Staffing</a>\n                    </li>\n              
      <li class="nav-item"><a class="nav-link" href="/finance/reports/completion/">Completion\n                        
    Report</a></li>\n                    <li class="nav-item"><a class="nav-link"\n                            
href="/admin/finance/payslip/">Payslips</a></li>\n                    <li class="nav-item"><a class="nav-link" 
href="/awards/">Awards</a></li>\n                    \n                </ul>\n                \n\n                <ul 
class="navbar-nav ms-auto d-flex flex-row align-items-center">\n                    \n                    <li 
class="nav-item me-2">\n                        <a class="nav-link" href="/admin/" title="Full Admin Site"\n           
                 data-bs-toggle="tooltip" data-bs-placement="bottom">\n                            <i class="bi 
bi-gear-fill fs-5"></i>\n                        </a>\n                    </li>\n                    \n               
     <li class="nav-item me-2">\n                        <button id="theme-toggle" class="btn btn-link nav-link" 
type="button" aria-label="Toggle theme">\n                            <i class="bi bi-sun-fill"></i>\n                 
           <i class="bi bi-moon-stars-fill d-none"></i>\n                        </button>\n                    
</li>\n\n                    \n                    <li class="nav-item dropdown">\n                        <a 
class="nav-link dropdown-toggle" href="#" role="button" data-bs-toggle="dropdown"\n                            
aria-expanded="false">\n                            <i class="bi bi-person-circle me-1"></i> admin\n                   
     </a>\n                        <ul class="dropdown-menu dropdown-menu-end">\n                            <li>\n    
                            <form id="logout-form" action="/accounts/logout/" method="post" style="display: none;">\n  
                                  <input type="hidden" name="csrfmiddlewaretoken" 
value="p7Aftf4KU5zoTPNQmEmhlfo6tttrScrADEDoTt9hvzZaTHFgKiq3tUeWQ14BZ76t">\n                                </form>\n   
                             <a class="dropdown-item" href="#"\n                                    
onclick="document.getElementById(\'logout-form\').submit();">\n                                    <i class="bi 
bi-box-arrow-right me-2"></i>Logout\n                                </a>\n                            </li>\n         
               </ul>\n                    </li>\n                    \n                </ul>\n            </div>\n     
   </div>\n    </nav>\n\n    <div class="container mt-4">\n        \n\n        \n<div class="container mt-4">\n    
<div class="page-header d-flex justify-content-between align-items-center">\n        <h1><i class="bi bi-speedometer2 
me-2"></i>Dashboard</h1>\n        <span class="text-muted d-none d-md-block">Welcome, admin!</span>\n    </div>\n\n    
\n    \n    \n    \n\n    <div class="dashboard-grid">\n\n        \n        \n    </div>\n</div>\n\n\n\n\n\n    
</div>\n\n    <script src="/static/js/bootstrap.bundle.min.js"></script>\n\n    <script>\n        (function () {\n     
       // Bootstrap tooltip initialization\n            const tooltipTriggerList = 
document.querySelectorAll(\'[data-bs-toggle="tooltip"]\');\n            const tooltipList = 
[...tooltipTriggerList].map(tooltipTriggerEl => new bootstrap.Tooltip(tooltipTriggerEl));\n\n            // Theme 
toggle logic\n            const themeToggleBtn = document.getElementById(\'theme-toggle\');\n            if 
(themeToggleBtn) {\n                const sunIcon = themeToggleBtn.querySelector(\'.bi-sun-fill\');\n                
const moonIcon = themeToggleBtn.querySelector(\'.bi-moon-stars-fill\');\n\n                function updateIcons(theme) 
{\n                    if (theme === \'dark\') {\n                        sunIcon.classList.add(\'d-none\');\n         
               moonIcon.classList.remove(\'d-none\');\n                    } else {\n                        
sunIcon.classList.remove(\'d-none\');\n                        moonIcon.classList.add(\'d-none\');\n                   
 }\n                }\n\n                function toggleTheme() {\n                    const currentTheme = 
document.documentElement.getAttribute(\'data-bs-theme\');\n                    const newTheme = currentTheme === 
\'dark\' ? \'light\' : \'dark\';\n\n                    document.documentElement.setAttribute(\'data-bs-theme\', 
newTheme);\n                    if (newTheme === \'dark\') {\n                        
document.documentElement.classList.add(\'dark-mode\');\n                    } else {\n                        
document.documentElement.classList.remove(\'dark-mode\');\n                    }\n\n                    
updateIcons(newTheme);\n                    localStorage.setItem(\'theme\', newTheme);\n                }\n\n          
      themeToggleBtn.addEventListener(\'click\', toggleTheme);\n                
updateIcons(document.documentElement.getAttribute(\'data-bs-theme\'));\n            }\n        })();\n    
</script>\n\n    \n\n    <script src="https://cdn.jsdelivr.net/npm/chart.js"></script>\n    <script\n        
src="https://cdn.jsdelivr.net/npm/chartjs-adapter-date-fns/dist/chartjs-adapter-date-fns.bundle.min.js"></script>\n    
\n<script>\n    document.addEventListener(\'DOMContentLoaded\', function () {\n\n        function getCookie(name) {\n  
          let cookieValue = null;\n            if (document.cookie && document.cookie !== \'\') {\n                
const cookies = document.cookie.split(\';\');\n                for (let i = 0; i < cookies.length; i++) {\n            
        const cookie = cookies[i].trim();\n                    if (cookie.substring(0, name.length + 1) === (name + 
\'=\')) {\n                        cookieValue = decodeURIComponent(cookie.substring(name.length + 1));\n              
          break;\n                    }\n                }\n            }\n            return cookieValue;\n        
}\n        const csrfToken = getCookie(\'csrftoken\');\n\n        function handleAcknowledgeClick(listId, buttonClass, 
urlPrefix, noItemsMessageId) {\n            const list = document.getElementById(listId);\n            if (!list) 
return;\n\n            list.addEventListener(\'click\', function (e) {\n                const button = 
e.target.closest(buttonClass);\n                if (!button) return;\n\n                const itemId = 
button.dataset.id;\n                const listItem = button.closest(\'li\');\n                if (!itemId || 
!listItem) {\n                    console.error("Could not find item ID or list item for button:", button);\n          
          return;\n                }\n\n                const url = `${urlPrefix}${itemId}/acknowledge/`;\n\n          
      fetch(url, {\n                    method: \'POST\',\n                    headers: {\n                        
\'X-CSRFToken\': csrfToken,\n                        \'Content-Type\': \'application/json\'\n                    }\n   
             })\n                    .then(response => {\n                        if (!response.ok) {\n                
            throw new Error(`Network response was not ok: ${response.statusText}`);\n                        }\n       
                 return response.json();\n                    })\n                    .then(data => {\n                
        if (data.status === \'success\') {\n                            listItem.style.transition = \'opacity 0.5s, 
transform 0.5s\';\n                            listItem.style.opacity = \'0\';\n                            
listItem.style.transform = \'translateX(-20px)\';\n                            setTimeout(() => {\n                    
            listItem.remove();\n                                if (list.children.length === 0) {\n                    
                const listContainer = list.closest(\'.card-body\');\n                                    const 
noItemsMessage = document.getElementById(noItemsMessageId);\n                                    if (listContainer) 
{\n                                        const countMessage = listContainer.querySelector(\'p:first-child\');\n      
                                  if (countMessage) countMessage.style.display = \'none\';\n                           
         }\n                                    if (noItemsMessage) noItemsMessage.style.display = \'block\';\n        
                            list.style.display = \'none\';\n                                }\n                        
    }, 500);\n                        } else {\n                            alert(`Could not acknowledge the item. 
Error: ${data.message || \'Unknown error\'}`);\n                        }\n                    })\n                    
.catch(error => {\n                        console.error(\'Error during fetch:\', error);\n                        
alert(\'An error occurred while trying to acknowledge the item. Please check the browser console for details.\');\n    
                });\n            });\n        }\n\n        handleAcknowledgeClick(\'discrepancy-list\', 
\'.acknowledge-btn\', \'/players/discrepancy/\', \'no-discrepancy-message\');\n        
handleAcknowledgeClick(\'assessment-list\', \'.acknowledge-assessment-btn\', \'/assessments/assessment/\', 
\'no-assessment-message\');\n        handleAcknowledgeClick(\'group-assessment-list\', 
\'.acknowledge-group-assessment-btn\', \'/assessments/group-assessment/\', \'no-group-assessment-message\');\n    
});\n</script>\n\n\n</body>\n\n</html>'

======================================================================
FAIL: test_admin_homepage_shows_tasks_card 
(scheduling.tests.test_admin_homepage_tasks.AdminHomepageTasksTest.test_admin_homepage_shows_tasks_card)
----------------------------------------------------------------------
Traceback (most recent call last):
  File "C:\ANTIGRAVITY SQUASH SYNC\SquashSyncV2\scheduling\tests\test_admin_homepage_tasks.py", line 45, in 
test_admin_homepage_shows_tasks_card
    self.assertContains(response, "You have <strong>1</strong> pending task(s).")
    ~~~~~~~~~~~~~~~~~~~^^^^^^^^^^^^^^^^^^^^^^^^^^^^^^^^^^^^^^^^^^^^^^^^^^^^^^^^^^
AssertionError: False is not true : Couldn't find 'You have <strong>1</strong> pending task(s).' in the following 
response
b'\n<!DOCTYPE html>\n<html lang="en">\n\n<head>\n    <script>\n        (function () {\n            function 
setTheme(theme) {\n                document.documentElement.setAttribute(\'data-bs-theme\', theme);\n                
if (theme === \'dark\') {\n                    document.documentElement.classList.add(\'dark-mode\');\n                
} else {\n                    document.documentElement.classList.remove(\'dark-mode\');\n                }\n           
     localStorage.setItem(\'theme\', theme);\n            }\n            const savedTheme = 
localStorage.getItem(\'theme\');\n            const prefersDark = window.matchMedia(\'(prefers-color-scheme: 
dark)\').matches;\n            if (savedTheme) {\n                setTheme(savedTheme);\n            } else if 
(prefersDark) {\n                setTheme(\'dark\');\n            } else {\n                setTheme(\'light\');\n     
       }\n        })();\n    </script>\n    <meta charset="UTF-8">\n    <meta name="viewport" 
content="width=device-width, initial-scale=1.0">\n    <title>Dashboard - SquashSync</title>\n    <link rel="icon" 
type="image/x-icon" href="/static/images/favicon.ico">\n    <link rel="manifest" href="/static/manifest.json">\n    
<link rel="apple-touch-icon" href="/static/images/icon-192.png">\n    <link 
href="https://cdn.jsdelivr.net/npm/bootstrap@5.3.3/dist/css/bootstrap.min.css" rel="stylesheet">\n    <link 
rel="stylesheet" href="https://cdn.jsdelivr.net/npm/bootstrap-icons@1.11.3/font/bootstrap-icons.css">\n    <link 
rel="stylesheet" href="/static/css/style.css">\n\n    \n</head>\n\n<body>\n    <nav class="navbar navbar-expand-lg 
bg-body-tertiary">\n        <div class="container-fluid">\n            <a class="navbar-brand" 
href="/">SquashSync</a>\n            <button class="navbar-toggler" type="button" data-bs-toggle="collapse" 
data-bs-target="#navbarNav"\n                aria-controls="navbarNav" aria-expanded="false" aria-label="Toggle 
navigation">\n                <span class="navbar-toggler-icon"></span>\n            </button>\n            <div 
class="collapse navbar-collapse" id="navbarNav">\n                \n                <ul class="navbar-nav me-auto">\n  
                  <li class="nav-item"><a class="nav-link" href="/">Dashboard</a></li>\n                    <li 
class="nav-item"><a class="nav-link" href="/schedule/calendar/">Calendar</a>\n                    </li>\n              
      <li class="nav-item"><a class="nav-link" href="/players/">Players</a></li>\n                    <li 
class="nav-item"><a class="nav-link" href="/todo/mine/">My Tasks</a></li>\n\n                    \n\n                  
  \n                    \n                    <li class="nav-item"><a class="nav-link" 
href="/players/groups/">School\n                            Groups</a></li>\n                    \n\n                  
  \n                    <li class="nav-item"><a class="nav-link" href="/todo/">Tasks</a></li>\n                    <li 
class="nav-item"><a class="nav-link" href="/accounts/coaches/">Coaches</a></li>\n                    <li 
class="nav-item"><a class="nav-link" href="/schedule/staffing/">Staffing</a>\n                    </li>\n              
      <li class="nav-item"><a class="nav-link" href="/finance/reports/completion/">Completion\n                        
    Report</a></li>\n                    <li class="nav-item"><a class="nav-link"\n                            
href="/admin/finance/payslip/">Payslips</a></li>\n                    <li class="nav-item"><a class="nav-link" 
href="/awards/">Awards</a></li>\n                    \n                </ul>\n                \n\n                <ul 
class="navbar-nav ms-auto d-flex flex-row align-items-center">\n                    \n                    <li 
class="nav-item me-2">\n                        <a class="nav-link" href="/admin/" title="Full Admin Site"\n           
                 data-bs-toggle="tooltip" data-bs-placement="bottom">\n                            <i class="bi 
bi-gear-fill fs-5"></i>\n                        </a>\n                    </li>\n                    \n               
     <li class="nav-item me-2">\n                        <button id="theme-toggle" class="btn btn-link nav-link" 
type="button" aria-label="Toggle theme">\n                            <i class="bi bi-sun-fill"></i>\n                 
           <i class="bi bi-moon-stars-fill d-none"></i>\n                        </button>\n                    
</li>\n\n                    \n                    <li class="nav-item dropdown">\n                        <a 
class="nav-link dropdown-toggle" href="#" role="button" data-bs-toggle="dropdown"\n                            
aria-expanded="false">\n                            <i class="bi bi-person-circle me-1"></i> admin\n                   
     </a>\n                        <ul class="dropdown-menu dropdown-menu-end">\n                            <li>\n    
                            <form id="logout-form" action="/accounts/logout/" method="post" style="display: none;">\n  
                                  <input type="hidden" name="csrfmiddlewaretoken" 
value="snqeKZKwhsEOclmg7zQfiX5uJn2NvSje0xu2Ujz7ixESmPMHBTmBBGNXKwTou02n">\n                                </form>\n   
                             <a class="dropdown-item" href="#"\n                                    
onclick="document.getElementById(\'logout-form\').submit();">\n                                    <i class="bi 
bi-box-arrow-right me-2"></i>Logout\n                                </a>\n                            </li>\n         
               </ul>\n                    </li>\n                    \n                </ul>\n            </div>\n     
   </div>\n    </nav>\n\n    <div class="container mt-4">\n        \n\n        \n<div class="container mt-4">\n    
<div class="page-header d-flex justify-content-between align-items-center">\n        <h1><i class="bi bi-speedometer2 
me-2"></i>Dashboard</h1>\n        <span class="text-muted d-none d-md-block">Welcome, admin!</span>\n    </div>\n\n    
\n    \n    \n    \n\n    <div class="dashboard-grid">\n\n        \n        \n    </div>\n</div>\n\n\n\n\n\n    
</div>\n\n    <script src="/static/js/bootstrap.bundle.min.js"></script>\n\n    <script>\n        (function () {\n     
       // Bootstrap tooltip initialization\n            const tooltipTriggerList = 
document.querySelectorAll(\'[data-bs-toggle="tooltip"]\');\n            const tooltipList = 
[...tooltipTriggerList].map(tooltipTriggerEl => new bootstrap.Tooltip(tooltipTriggerEl));\n\n            // Theme 
toggle logic\n            const themeToggleBtn = document.getElementById(\'theme-toggle\');\n            if 
(themeToggleBtn) {\n                const sunIcon = themeToggleBtn.querySelector(\'.bi-sun-fill\');\n                
const moonIcon = themeToggleBtn.querySelector(\'.bi-moon-stars-fill\');\n\n                function updateIcons(theme) 
{\n                    if (theme === \'dark\') {\n                        sunIcon.classList.add(\'d-none\');\n         
               moonIcon.classList.remove(\'d-none\');\n                    } else {\n                        
sunIcon.classList.remove(\'d-none\');\n                        moonIcon.classList.add(\'d-none\');\n                   
 }\n                }\n\n                function toggleTheme() {\n                    const currentTheme = 
document.documentElement.getAttribute(\'data-bs-theme\');\n                    const newTheme = currentTheme === 
\'dark\' ? \'light\' : \'dark\';\n\n                    document.documentElement.setAttribute(\'data-bs-theme\', 
newTheme);\n                    if (newTheme === \'dark\') {\n                        
document.documentElement.classList.add(\'dark-mode\');\n                    } else {\n                        
document.documentElement.classList.remove(\'dark-mode\');\n                    }\n\n                    
updateIcons(newTheme);\n                    localStorage.setItem(\'theme\', newTheme);\n                }\n\n          
      themeToggleBtn.addEventListener(\'click\', toggleTheme);\n                
updateIcons(document.documentElement.getAttribute(\'data-bs-theme\'));\n            }\n        })();\n    
</script>\n\n    \n\n    <script src="https://cdn.jsdelivr.net/npm/chart.js"></script>\n    <script\n        
src="https://cdn.jsdelivr.net/npm/chartjs-adapter-date-fns/dist/chartjs-adapter-date-fns.bundle.min.js"></script>\n    
\n<script>\n    document.addEventListener(\'DOMContentLoaded\', function () {\n\n        function getCookie(name) {\n  
          let cookieValue = null;\n            if (document.cookie && document.cookie !== \'\') {\n                
const cookies = document.cookie.split(\';\');\n                for (let i = 0; i < cookies.length; i++) {\n            
        const cookie = cookies[i].trim();\n                    if (cookie.substring(0, name.length + 1) === (name + 
\'=\')) {\n                        cookieValue = decodeURIComponent(cookie.substring(name.length + 1));\n              
          break;\n                    }\n                }\n            }\n            return cookieValue;\n        
}\n        const csrfToken = getCookie(\'csrftoken\');\n\n        function handleAcknowledgeClick(listId, buttonClass, 
urlPrefix, noItemsMessageId) {\n            const list = document.getElementById(listId);\n            if (!list) 
return;\n\n            list.addEventListener(\'click\', function (e) {\n                const button = 
e.target.closest(buttonClass);\n                if (!button) return;\n\n                const itemId = 
button.dataset.id;\n                const listItem = button.closest(\'li\');\n                if (!itemId || 
!listItem) {\n                    console.error("Could not find item ID or list item for button:", button);\n          
          return;\n                }\n\n                const url = `${urlPrefix}${itemId}/acknowledge/`;\n\n          
      fetch(url, {\n                    method: \'POST\',\n                    headers: {\n                        
\'X-CSRFToken\': csrfToken,\n                        \'Content-Type\': \'application/json\'\n                    }\n   
             })\n                    .then(response => {\n                        if (!response.ok) {\n                
            throw new Error(`Network response was not ok: ${response.statusText}`);\n                        }\n       
                 return response.json();\n                    })\n                    .then(data => {\n                
        if (data.status === \'success\') {\n                            listItem.style.transition = \'opacity 0.5s, 
transform 0.5s\';\n                            listItem.style.opacity = \'0\';\n                            
listItem.style.transform = \'translateX(-20px)\';\n                            setTimeout(() => {\n                    
            listItem.remove();\n                                if (list.children.length === 0) {\n                    
                const listContainer = list.closest(\'.card-body\');\n                                    const 
noItemsMessage = document.getElementById(noItemsMessageId);\n                                    if (listContainer) 
{\n                                        const countMessage = listContainer.querySelector(\'p:first-child\');\n      
                                  if (countMessage) countMessage.style.display = \'none\';\n                           
         }\n                                    if (noItemsMessage) noItemsMessage.style.display = \'block\';\n        
                            list.style.display = \'none\';\n                                }\n                        
    }, 500);\n                        } else {\n                            alert(`Could not acknowledge the item. 
Error: ${data.message || \'Unknown error\'}`);\n                        }\n                    })\n                    
.catch(error => {\n                        console.error(\'Error during fetch:\', error);\n                        
alert(\'An error occurred while trying to acknowledge the item. Please check the browser console for details.\');\n    
                });\n            });\n        }\n\n        handleAcknowledgeClick(\'discrepancy-list\', 
\'.acknowledge-btn\', \'/players/discrepancy/\', \'no-discrepancy-message\');\n        
handleAcknowledgeClick(\'assessment-list\', \'.acknowledge-assessment-btn\', \'/assessments/assessment/\', 
\'no-assessment-message\');\n        handleAcknowledgeClick(\'group-assessment-list\', 
\'.acknowledge-group-assessment-btn\', \'/assessments/group-assessment/\', \'no-group-assessment-message\');\n    
});\n</script>\n\n\n</body>\n\n</html>'

----------------------------------------------------------------------
Ran 2 tests in 0.829s

FAILED (failures=2)
Destroying test database for alias 'default'...

Found 2 test(s).
System check identified no issues (0 silenced).
